ncurses: cached
zlib: cached
gmp: cached
nettle: cached
libunistring: cached
libidn2: cached
gnutls: cached
libxml2: cached
sqlite: cached
tree-sitter: cached
dbus: cached
  /work/build/f98bb6bda8b6/src/emacs/configure --prefix=/opt/emacs --without-all --without-x --without-native-compilation --with-modules --with-threads --with-file-notification=inotify --with-gnutls --with-libgmp --with-xml2 --with-sqlite3 --with-tree-sitter --with-zlib --with-dbus --with-compress-install --disable-build-details --disable-gc-mark-trace
  make -j18
Loading term/tty-colors...
Loading font-core...
Loading emacs-lisp/syntax...
Loading font-lock...
Loading jit-lock...
Loading mouse...
Loading select...
Loading emacs-lisp/timer...
Loading emacs-lisp/easymenu...
Loading isearch...
Loading rfn-eshadow...
Loading menu-bar...
Loading tab-bar...
Loading emacs-lisp/lisp...
Loading textmodes/page...
Loading register...
Loading textmodes/paragraphs...
Loading progmodes/prog-mode...
Loading emacs-lisp/lisp-mode...
Loading textmodes/text-mode...
Loading textmodes/fill...
Loading newcomment...
Loading replace...
Loading emacs-lisp/tabulated-list...
Loading buff-menu...
Loading progmodes/elisp-mode...
Loading emacs-lisp/float-sup...
Loading vc/vc-hooks...
Loading vc/ediff-hook...
Loading uniquify...
Loading electric...
Loading paren...
Loading emacs-lisp/shorthands...
Loading emacs-lisp/eldoc...
Loading emacs-lisp/cconv...
Loading cus-start...
Loading tooltip...
Loading international/iso-transl...
Loading emacs-lisp/rmc...
Loading /work/build/f98bb6bda8b6/src/emacs/lisp/leim/leim-list.el (source)...
Finding pointers to doc strings...
Finding pointers to doc strings...done
Dumping under the name bootstrap-emacs.pdmp
Dumping fingerprint: 9d61254b824862dc9a6d623a2218e2f825129a6f576e108da0dc3dd67ec1d834
Dump complete
Byte counts: header=100 hot=8928748 discardable=155248 cold=3970608
Reloc counts: hot=486898 discardable=5533
ANCIENT=yes make -C ../lisp compile-first EMACS="../src/bootstrap-emacs"
make[3]: Entering directory '/work/build/f98bb6bda8b6/emacs-build-llvm-use-cccs-7f202c72d73a/lisp'
make[3]: Nothing to be done for 'compile-first'.
make[3]: Leaving directory '/work/build/f98bb6bda8b6/emacs-build-llvm-use-cccs-7f202c72d73a/lisp'
make -C ../lisp compile-first EMACS="../src/bootstrap-emacs"
make[3]: Entering directory '/work/build/f98bb6bda8b6/emacs-build-llvm-use-cccs-7f202c72d73a/lisp'
make[3]: Nothing to be done for 'compile-first'.
make[3]: Leaving directory '/work/build/f98bb6bda8b6/emacs-build-llvm-use-cccs-7f202c72d73a/lisp'
make -C ../admin/unidata all EMACS="../../src/bootstrap-emacs"
make[3]: Entering directory '/work/build/f98bb6bda8b6/emacs-build-llvm-use-cccs-7f202c72d73a/admin/unidata'
  GEN      unidata.txt
make[3]: Leaving directory '/work/build/f98bb6bda8b6/emacs-build-llvm-use-cccs-7f202c72d73a/admin/unidata'
rm -f emacs && cp -f temacs emacs
cp: error copying 'temacs' to 'emacs': No space left on device
make[2]: *** [Makefile:636: emacs] Error 1
make[2]: Leaving directory '/work/build/f98bb6bda8b6/emacs-build-llvm-use-cccs-7f202c72d73a/src'
make[1]: *** [Makefile:549: src] Error 2
make[1]: Leaving directory '/work/build/f98bb6bda8b6/emacs-build-llvm-use-cccs-7
Traceback (most recent call last):
  File "/work/research/build-ccfixed.py", line 11, in <module>
    exec(compile(s,str(p),'exec'),{'__name__':'__main__','__file__':str(p)})
    ~~~~^^^^^^^^^^^^^^^^^^^^^^^^^^^^^^^^^^^^^^^^^^^^^^^^^^^^^^^^^^^^^^^^^^^^
  File "/work/scripts/build.py", line 156, in <module>
    run(['make', '-j' + jobs], obj, log)
    ~~~^^^^^^^^^^^^^^^^^^^^^^^^^^^^^^^^^
  File "/work/scripts/build.py", line 56, in run
    raise RuntimeError('Build failed; see ' + str(log))
RuntimeError: Build failed; see /work/build/f98bb6bda8b6/logs/emacs-llvm-use-cccs-7f202c72d73a.log
