BOLT-INFO: shared object or position-independent executable detected
BOLT-INFO: Target architecture: x86_64
BOLT-INFO: BOLT version: <unknown>
BOLT-INFO: first alloc address is 0x0
BOLT-INFO: creating new program header table at address 0xa00000, offset 0xa00000
BOLT-WARNING: debug info will be stripped from the binary. Use -update-debug-sections to keep it.
BOLT-INFO: enabling relocation mode
BOLT-INFO: enabling lite mode
BOLT-INFO: using __gmpn_modexact_1c_odd_x86_64/1 as another entry to function __gmpn_modexact_1_odd_x86_64/1(*2)
BOLT-WARNING: Failed to analyze 7 relocations
BOLT-INFO: pre-processing profile using branch profile reader
BOLT-INFO: forcing -jump-tables=move as PIC jump table was detected in function mark_object
BOLT-INFO: 1737 out of 9939 functions in the binary (17.5%) have non-empty execution profile
BOLT-INFO: 40 functions with profile could not be optimized
BOLT-INFO: profile for 1 objects was ignored
BOLT-INFO: profile quality metrics for the hottest 1000 functions (reporting top 5% values): function CFG discontinuity 0.00%; call graph flow conservation gap 0.00%; CFG flow conservation gap 0.00% (weighted) 0.00% (worst); exception handling usage 0.00% (of total BBEC) 0.00% (of total InvokeEC)
BOLT-INFO: 50679 instructions were shortened
BOLT-INFO: removed 787 empty blocks
BOLT-INFO: basic block reordering modified layout of 1038 functions (59.76% of profiled, 10.05% of total)
BOLT-INFO: UCE removed 1 blocks and 7 bytes of code
BOLT-INFO: splitting separates 803409 hot bytes from 783220 cold bytes (50.64% of split functions is hot).
BOLT-INFO: 44 Functions were reordered by LoopInversionPass
BOLT-INFO: program-wide dynostats after all optimizations before SCTC and FOP:

         13413763779 : executed forward branches
          1605804452 : taken forward branches
          2240426668 : executed backward branches
          1566164035 : taken backward branches
           575323038 : executed unconditional branches
           393030599 : all function calls
            30835602 : indirect calls
            28554246 : PLT calls
         76354908727 : executed instructions
         18966672406 : executed load instructions
          4198013655 : executed store instructions
            23178779 : taken jump table branches
                   0 : taken unknown indirect branches
         16229513485 : total branches
          3747291525 : taken branches
         12482221960 : non-taken conditional branches
          3171968487 : taken conditional branches
         15654190447 : all conditional branches

         11255613983 : executed forward branches (-16.1%)
           655920098 : taken forward branches (-59.2%)
          4398576464 : executed backward branches (+96.3%)
          1755431359 : taken backward branches (+12.1%)
           434677482 : executed unconditional branches (-24.4%)
           393030599 : all function calls (=)
            30835602 : indirect calls (=)
            28554246 : PLT calls (=)
         76180649378 : executed instructions (-0.2%)
         18966672406 : executed load instructions (=)
          4198013655 : executed store instructions (=)
            23178779 : taken jump table branches (=)
                   0 : taken unknown indirect branches (=)
         16088867929 : total branches (-0.9%)
          2846028939 : taken branches (-24.1%)
         13242838990 : non-taken conditional branches (+6.1%)
          2411351457 : taken conditional branches (-24.0%)
         15654190447 : all conditional branches (=)

BOLT-INFO: SCTC: patched 15 tail calls (15 forward) tail calls (0 backward) from a total of 15 while removing 1 double jumps and removing 16 basic blocks totalling 77 bytes of code. CTCs total execution count is 52821 and the number of times CTCs are taken is 52472
BOLT-WARNING: failed to patch entries in __gmpn_mul_1_x86_64/1(*2). The function will not be optimized
BOLT-INFO: padding code to 0xe00000 to accommodate hot text
BOLT-INFO: patched build-id (flipped last bit)
BOLT-INFO: setting __hot_start to 0xc00000
BOLT-INFO: setting __hot_end to 0xd00041
