Compiling... /work/build/pgo-training/elisp-benchmarks/benchmarks/elb-bytecomp.el
Compiling... /work/build/pgo-training/elisp-benchmarks/benchmarks/elb-pcase.el
Compiling... /work/build/pgo-training/elisp-benchmarks/benchmarks/elb-scroll.el

In end of data:
elb-scroll.el:48:8: Warning: the function ‘elb-smie-mode’ is not known to be defined.
Compiling... /work/build/pgo-training/elisp-benchmarks/benchmarks/elb-smie.el
Compiling... /work/build/pgo-training/elisp-benchmarks/benchmarks/inclist-type-hints.el
Compiling... /work/build/pgo-training/elisp-benchmarks/benchmarks/inclist.el
Compiling... /work/build/pgo-training/elisp-benchmarks/benchmarks/map-closure.el
Compiling... /work/build/pgo-training/elisp-benchmarks/benchmarks/pack-unpack.el
Loading /work/build/pgo-training/elisp-benchmarks/benchmarks/elb-bytecomp...
Loading /work/build/pgo-training/elisp-benchmarks/benchmarks/elb-pcase...
Loading /work/build/pgo-training/elisp-benchmarks/benchmarks/elb-scroll...
Loading /work/build/pgo-training/elisp-benchmarks/benchmarks/elb-smie...
Loading /work/build/pgo-training/elisp-benchmarks/benchmarks/inclist-type-hints...
Loading /work/build/pgo-training/elisp-benchmarks/benchmarks/inclist...
Loading /work/build/pgo-training/elisp-benchmarks/benchmarks/map-closure...
Loading /work/build/pgo-training/elisp-benchmarks/benchmarks/pack-unpack...
Iteration number: 1
Running bytecomp...
Running font-lock...
Running inclist...
Running inclist-type-hints...
Running map-closure...
Running pack-unpack...
Running pack-unpack-old...
Running pcase...
Running scroll...
Running scroll-nonascii...
Running smie...
Indenting region...
Indenting region...23%
Indenting region...51%
Indenting region...77%
Indenting region...99%
Indenting region...done
Indenting region...
Indenting region...33%
Indenting region...57%
Indenting region...79%
Indenting region...done
Indenting region...
Indenting region...33%
Indenting region...59%
Indenting region...82%
Indenting region...done
Indenting region...
Indenting region...33%
Indenting region...56%
Indenting region...79%
Indenting region...done
Indenting region...
Indenting region...33%
Indenting region...59%
Indenting region...83%
Indenting region...done
Running smie-nonascii...
Indenting region...
Indenting region...13%
Indenting region...28%
Indenting region...43%
Indenting region...56%
Indenting region...69%
Indenting region...80%
Indenting region...90%
Indenting region...98%
Indenting region...done
Indenting region...
Indenting region...19%
Indenting region...36%
Indenting region...49%
Indenting region...63%
Indenting region...77%
Indenting region...88%
Indenting region...99%
Indenting region...done
Indenting region...
Indenting region...19%
Indenting region...36%
Indenting region...50%
Indenting region...66%
Indenting region...79%
Indenting region...90%
Indenting region...100%
Indenting region...done
Indenting region...
Indenting region...19%
Indenting region...34%
Indenting region...49%
Indenting region...62%
Indenting region...76%
Indenting region...87%
Indenting region...99%
Indenting region...done
Indenting region...
Indenting region...19%
Indenting region...37%
Indenting region...51%
Indenting region...66%
Indenting region...79%
Indenting region...88%
Indenting region...99%
Indenting region...done
